Compiling GPU engine code:

***********enter Sim construction function!

cfg.kAray: 4

cfg.ccMethod: 1
  Agent entity created for tensor access. Python can now access tensors.
Initialization finished
======================================================
=== pass_config_data_and_gen_network_entt ===
topo_tensor.data: 0,0,0,0,0,0,
Tensor data availability: Topo=Empty, Fib=Empty
No tensor data available yet - entities will be created when data arrives
======================================================
======================================================
=== pass_config_data_and_gen_network_entt ===
topo_tensor.data: 6144,
Tensor data availability: Topo=Available, Fib=Available

=== Creating network entities based on tensor data ===
  1. Parsing topo tensor data...
   ✓ Topo data parsed: num_link=6144, num_net_npu=1024, num_switch=320
  2. Parsing fib tensor data...
   ✓ Fib data parsed: 59609088 entries processed
  3. Creating network entities with parsed data...
    *******generate_switch*******
    Total 320 switches
   ✓ Created 320 switches
    *******Generate in ports*******
   ✓ Created 5120 ingress ports
    enter generate_egress_port_and_nic
   ✓ Created 5120 egress ports
    enter generate_host
Total 320 switches, 5120 in_ports, 5120 e_ports, 1024 net_npus
   ✓ Created 1024 NPUs
=== Network entity creation completed ===
======================================================
*********Enter into comm_set_flow, net_npu_id: 0
set flow id 2: 864->865 50000, 
set flow id 8: 96->97 50000, 
set flow id 10: 992->993 50000, 
set flow id 15: 928->929 50000, 
set flow id 17: 192->193 50000, 
set flow id 19: 672->673 50000, 
comm_set_flow: _new_flow_queue, before enqueue, len = 0
set flow id 24: 768->769 50000, 
set flow id 29: 577->578 50000, 
set flow id 32: 929->930 50000, 
set flow id 36: 352->353 50000, 
set flow id 39: 97->98 50000, 
set flow id 41: 256->257 50000, 
set flow id 42: 544->545 50000, 
set flow id 42: 832->833 50000, 
set flow id 42: 960->961 50000, 
set flow id 44: 769->770 50000, 
set flow id 49: 640->641 50000, 
set flow id 50: 896->897 50000, 
set flow id 53: 288->289 50000, 
set flow id 54: 384->385 50000, 
set flow id 56: 673->674 50000, 
set flow id 60: 800->801 50000, 
set flow id 60: 0->1 50000, 
set flow id 60: 608->609 50000, 
set flow id 61: 930->931 50000, 
set flow id 61: 545->546 50000, 
set flow id 63: 704->705 50000, 
set flow id 66: 512->513 50000, 
Exiting create_flow for net_npu_id: 0
set flow id 68: 736->737 50000, 
set flow id 74: 409->410 50000, 
set flow id 74: 94->95 50000, 
set flow id 75: 641->642 50000, 
set flow id 77: 994->995 50000, 
set flow id 83: 313->314 50000, 
set flow id 83: 515->516 50000, 
set flow id 83: 801->802 50000, 
set flow id 84: 1->2 50000, 
set flow id 86: 676->677 50000, 
set flow id 88: 737->738 50000, 
set flow id 89: 257->258 50000, 
set flow id 89: 642->643 50000, 
set flow id 89: 833->834 50000, 
set flow id 91: 513->514 50000, 
set flow id 92: 65->66 50000, 
set flow id 96: 389->390 50000, 
set flow id 98: 290->291 50000, 
set flow id 102: 193->194 50000, 
set flow id 102: 897->898 50000, 
set flow id 104: 353->354 50000, 
set flow id 106: 770->771 50000, 
set flow id 106: 320->321 50000, 
set flow id 106: 961->962 50000, 
set flow id 106: 64->65 50000, 
set flow id 106: 643->644 50000, 
set flow id 107: 931->932 50000, 
set flow id 109: 448->449 50000, 
set flow id 110: 385->386 50000, 
set flow id 112: 321->322 50000, 
set flow id 113: 738->739 50000, 
set flow id 115: 644->645 50000, 
set flow id 115: 546->547 50000, 
set flow id 116: 802->803 50000, 
set flow id 123: 705->706 50000, 
set flow id 123: 386->387 50000, 
set flow id 128: 61->62 50000, 
set flow id 130: 289->290 50000, 
set flow id 130: 834->835 50000, 
set flow id 131: 354->355 50000, 
set flow id 131: 449->450 50000, 
set flow id 133: 803->804 50000, 
set flow id 135: 547->548 50000, 
set flow id 138: 771->772 50000, 
set flow id 138: 32->33 50000, 
set flow id 139: 514->515 50000, 
set flow id 139: 576->577 50000, 
set flow id 142: 835->836 50000, 
set flow id 144: 387->388 50000, 
set flow id 145: 417->418 50000, 
set flow id 146: 706->707 50000, 
set flow id 148: 677->678 50000, 
set flow id 149: 128->129 50000, 
set flow id 150: 98->99 50000, 
set flow id 154: 356->357 50000, 
set flow id 156: 416->417 50000, 
set flow id 157: 33->34 50000, 
set flow id 157: 388->389 50000, 
set flow id 157: 674->675 50000, 
set flow id 162: 609->610 50000, 
set flow id 162: 224->225 50000, 
set flow id 166: 337->338 50000, 
set flow id 167: 962->963 50000, 
set flow id 168: 156->157 50000, 
set flow id 169: 355->356 50000, 
set flow id 169: 739->740 50000, 
set flow id 172: 34->35 50000, 
set flow id 173: 993->994 50000, 
set flow id 177: 647->648 50000, 
set flow id 177: 707->708 50000, 
set flow id 177: 865->866 50000, 
set flow id 183: 480->481 50000, 
set flow id 187: 2->3 50000, 
set flow id 192: 227->228 50000, 
set flow id 193: 160->161 50000, 
set flow id 200: 982->983 50000, 
set flow id 200: 450->451 50000, 
set flow id 201: 772->773 50000, 
set flow id 201: 481->482 50000, 
set flow id 202: 35->36 50000, 
set flow id 205: 853->854 50000, 
set flow id 213: 983->984 50000, 
set flow id 215: 328->329 50000, 
set flow id 216: 645->646 50000, 
set flow id 217: 898->899 50000, 
set flow id 221: 36->37 50000, 
set flow id 222: 258->259 50000, 
set flow id 226: 135->136 50000, 
set flow id 226: 740->741 50000, 
set flow id 227: 932->933 50000, 
set flow id 233: 322->323 50000, 
set flow id 234: 357->358 50000, 
set flow id 237: 451->452 50000, 
set flow id 239: 401->402 50000, 
set flow id 243: 632->633 50000, 
set flow id 243: 129->130 50000, 
set flow id 243: 899->900 50000, 
set flow id 247: 575->576 50000, 
set flow id 247: 329->330 50000, 
set flow id 254: 995->996 50000, 
set flow id 257: 161->162 50000, 
set flow id 257: 37->38 50000, 
set flow id 259: 967->968 50000, 
set flow id 261: 130->131 50000, 
set flow id 263: 323->324 50000, 
set flow id 264: 482->483 50000, 
set flow id 269: 866->867 50000, 
set flow id 270: 426->427 50000, 
set flow id 270: 390->391 50000, 
set flow id 271: 714->715 50000, 
set flow id 271: 225->226 50000, 
set flow id 274: 773->774 50000, 
set flow id 276: 324->325 50000, 
set flow id 279: 131->132 50000, 
set flow id 284: 610->611 50000, 
set flow id 285: 963->964 50000, 
set flow id 286: 646->647 50000, 
set flow id 286: 41->42 50000, 
set flow id 289: 867->868 50000, 
set flow id 292: 836->837 50000, 
set flow id 292: 325->326 50000, 
set flow id 295: 291->292 50000, 
set flow id 295: 132->133 50000, 
set flow id 297: 578->579 50000, 
set flow id 300: 66->67 50000, 
set flow id 300: 391->392 50000, 
set flow id 304: 38->39 50000, 
set flow id 306: 138->139 50000, 
set flow id 306: 326->327 50000, 
set flow id 306: 868->869 50000, 
set flow id 308: 292->293 50000, 
set flow id 315: 259->260 50000, 
set flow id 316: 619->620 50000, 
set flow id 316: 392->393 50000, 
set flow id 317: 71->72 50000, 
set flow id 323: 477->478 50000, 
set flow id 326: 358->359 50000, 
set flow id 326: 133->134 50000, 
set flow id 329: 964->965 50000, 
set flow id 330: 708->709 50000, 
set flow id 330: 39->40 50000, 
set flow id 331: 611->612 50000, 
set flow id 337: 194->195 50000, 
set flow id 337: 327->328 50000, 
set flow id 339: 406->407 50000, 
set flow id 341: 845->846 50000, 
set flow id 341: 67->68 50000, 
set flow id 343: 40->41 50000, 
set flow id 344: 965->966 50000, 
set flow id 345: 134->135 50000, 
set flow id 347: 548->549 50000, 
set flow id 349: 579->580 50000, 
set flow id 350: 741->742 50000, 
set flow id 350: 68->69 50000, 
set flow id 351: 393->394 50000, 
set flow id 352: 3->4 50000, 
set flow id 352: 996->997 50000, 
set flow id 355: 612->613 50000, 
set flow id 357: 139->140 50000, 
set flow id 357: 42->43 50000, 
set flow id 359: 69->70 50000, 
set flow id 359: 709->710 50000, 
set flow id 359: 394->395 50000, 
set flow id 362: 669->670 50000, 
set flow id 362: 226->227 50000, 
set flow id 362: 837->838 50000, 
set flow id 365: 966->967 50000, 
set flow id 371: 613->614 50000, 
set flow id 375: 949->950 50000, 
set flow id 375: 260->261 50000, 
set flow id 377: 70->71 50000, 
set flow id 377: 136->137 50000, 
set flow id 377: 395->396 50000, 
set flow id 379: 605->606 50000, 
set flow id 379: 838->839 50000, 
set flow id 380: 483->484 50000, 
set flow id 381: 195->196 50000, 
set flow id 382: 43->44 50000, 
set flow id 382: 614->615 50000, 
set flow id 385: 396->397 50000, 
set flow id 385: 869->870 50000, 
set flow id 387: 977->978 50000, 
set flow id 387: 182->183 50000, 
set flow id 387: 839->840 50000, 
set flow id 391: 804->805 50000, 
set flow id 395: 484->485 50000, 
set flow id 398: 615->616 50000, 
set flow id 398: 397->398 50000, 
set flow id 402: 934->935 50000, 
set flow id 403: 549->550 50000, 
set flow id 403: 137->138 50000, 
set flow id 403: 840->841 50000, 
set flow id 403: 293->294 50000, 
set flow id 404: 228->229 50000, 
set flow id 406: 485->486 50000, 
set flow id 408: 44->45 50000, 
set flow id 410: 616->617 50000, 
set flow id 412: 398->399 50000, 
set flow id 413: 4->5 50000, 
set flow id 415: 968->969 50000, 
set flow id 415: 516->517 50000, 
set flow id 415: 294->295 50000, 
set flow id 418: 72->73 50000, 
set flow id 420: 617->618 50000, 
set flow id 421: 359->360 50000, 
set flow id 421: 399->400 50000, 
set flow id 421: 841->842 50000, 
set flow id 422: 45->46 50000, 
set flow id 424: 232->233 50000, 
set flow id 425: 900->901 50000, 
set flow id 427: 969->970 50000, 
set flow id 430: 295->296 50000, 
set flow id 432: 842->843 50000, 
set flow id 434: 618->619 50000, 
set flow id 434: 648->649 50000, 
set flow id 438: 148->149 50000, 
set flow id 440: 400->401 50000, 
set flow id 442: 980->981 50000, 
set flow id 444: 589->590 50000, 
set flow id 444: 551->552 50000, 
set flow id 444: 933->934 50000, 
set flow id 446: 5->6 50000, 
set flow id 451: 163->164 50000, 
set flow id 451: 843->844 50000, 
set flow id 456: 402->403 50000, 
set flow id 458: 970->971 50000, 
set flow id 459: 675->676 50000, 
set flow id 460: 46->47 50000, 
set flow id 460: 296->297 50000, 
set flow id 460: 140->141 50000, 
set flow id 461: 452->453 50000, 
set flow id 461: 418->419 50000, 
set flow id 461: 580->581 50000, 
set flow id 464: 844->845 50000, 
set flow id 464: 403->404 50000, 
set flow id 465: 971->972 50000, 
set flow id 471: 297->298 50000, 
set flow id 471: 419->420 50000, 
set flow id 473: 73->74 50000, 
set flow id 475: 581->582 50000, 
set flow id 475: 141->142 50000, 
set flow id 475: 870->871 50000, 
set flow id 476: 901->902 50000, 
set flow id 476: 47->48 50000, 
set flow id 476: 972->973 50000, 
set flow id 476: 404->405 50000, 
set flow id 480: 196->197 50000, 
set flow id 480: 935->936 50000, 
set flow id 480: 298->299 50000, 
set flow id 483: 517->518 50000, 
set flow id 484: 420->421 50000, 
set flow id 484: 582->583 50000, 
set flow id 488: 48->49 50000, 
set flow id 489: 405->406 50000, 
set flow id 489: 936->937 50000, 
set flow id 489: 620->621 50000, 
set flow id 489: 142->143 50000, 
set flow id 489: 997->998 50000, 
set flow id 489: 973->974 50000, 
set flow id 490: 680->681 50000, 
set flow id 490: 421->422 50000, 
set flow id 490: 583->584 50000, 
set flow id 494: 8->9 50000, 
set flow id 495: 871->872 50000, 
set flow id 495: 49->50 50000, 
set flow id 495: 407->408 50000, 
set flow id 496: 550->551 50000, 
set flow id 496: 143->144 50000, 
set flow id 497: 330->331 50000, 
set flow id 497: 230->231 50000, 
set flow id 497: 299->300 50000, 
set flow id 497: 584->585 50000, 
set flow id 497: 621->622 50000, 
set flow id 497: 974->975 50000, 
set flow id 497: 422->423 50000, 
set flow id 500: 144->145 50000, 
set flow id 500: 331->332 50000, 
set flow id 500: 50->51 50000, 
set flow id 500: 6->7 50000, 
set flow id 501: 622->623 50000, 
set flow id 502: 724->725 50000, 
set flow id 502: 423->424 50000, 
set flow id 502: 74->75 50000, 
set flow id 504: 408->409 50000, 
set flow id 506: 585->586 50000, 
set flow id 507: 975->976 50000, 
set flow id 507: 300->301 50000, 
set flow id 507: 51->52 50000, 
set flow id 507: 623->624 50000, 
set flow id 511: 145->146 50000, 
set flow id 511: 162->163 50000, 
set flow id 513: 594->595 50000, 
set flow id 513: 976->977 50000, 
set flow id 513: 75->76 50000, 
set flow id 514: 453->454 50000, 
set flow id 515: 229->230 50000, 
set flow id 515: 624->625 50000, 
set flow id 518: 710->711 50000, 
set flow id 518: 146->147 50000, 
set flow id 520: 678->679 50000, 
set flow id 520: 76->77 50000, 
set flow id 520: 410->411 50000, 
set flow id 522: 978->979 50000, 
set flow id 522: 625->626 50000, 
set flow id 528: 52->53 50000, 
set flow id 531: 586->587 50000, 
set flow id 531: 7->8 50000, 
set flow id 531: 231->232 50000, 
set flow id 531: 77->78 50000, 
set flow id 531: 679->680 50000, 
set flow id 531: 424->425 50000, 
set flow id 531: 711->712 50000, 
set flow id 531: 147->148 50000, 
set flow id 531: 626->627 50000, 
set flow id 531: 937->938 50000, 
set flow id 534: 587->588 50000, 
set flow id 534: 301->302 50000, 
set flow id 535: 78->79 50000, 
set flow id 535: 681->682 50000, 
set flow id 535: 979->980 50000, 
set flow id 535: 712->713 50000, 
set flow id 537: 411->412 50000, 
set flow id 537: 627->628 50000, 
set flow id 538: 518->519 50000, 
set flow id 538: 939->940 50000, 
set flow id 539: 466->467 50000, 
set flow id 544: 362->363 50000, 
set flow id 544: 302->303 50000, 
set flow id 545: 79->80 50000, 
set flow id 545: 53->54 50000, 
set flow id 545: 713->714 50000, 
set flow id 545: 684->685 50000, 
set flow id 546: 774->775 50000, 
set flow id 546: 588->589 50000, 
set flow id 546: 454->455 50000, 
set flow id 548: 628->629 50000, 
set flow id 548: 80->81 50000, 
set flow id 548: 54->55 50000, 
set flow id 549: 902->903 50000, 
set flow id 550: 425->426 50000, 
set flow id 553: 495->496 50000, 
set flow id 554: 938->939 50000, 
set flow id 556: 455->456 50000, 
set flow id 556: 81->82 50000, 
set flow id 558: 649->650 50000, 
set flow id 558: 55->56 50000, 
set flow id 558: 629->630 50000, 
set flow id 558: 303->304 50000, 
set flow id 560: 197->198 50000, 
set flow id 566: 552->553 50000, 
set flow id 566: 82->83 50000, 
set flow id 568: 488->489 50000, 
set flow id 568: 630->631 50000, 
set flow id 568: 590->591 50000, 
set flow id 569: 872->873 50000, 
set flow id 569: 456->457 50000, 
set flow id 569: 56->57 50000, 
set flow id 571: 682->683 50000, 
set flow id 572: 177->178 50000, 
set flow id 572: 83->84 50000, 
set flow id 572: 233->234 50000, 
set flow id 572: 631->632 50000, 
set flow id 576: 304->305 50000, 
set flow id 576: 591->592 50000, 
set flow id 576: 457->458 50000, 
set flow id 579: 57->58 50000, 
set flow id 579: 84->85 50000, 
set flow id 581: 412->413 50000, 
set flow id 581: 692->693 50000, 
set flow id 585: 99->100 50000, 
set flow id 585: 715->716 50000, 
set flow id 585: 458->459 50000, 
set flow id 585: 940->941 50000, 
set flow id 585: 305->306 50000, 
set flow id 585: 85->86 50000, 
set flow id 585: 164->165 50000, 
set flow id 585: 592->593 50000, 
set flow id 585: 360->361 50000, 
set flow id 585: 650->651 50000, 
set flow id 589: 345->346 50000, 
set flow id 589: 683->684 50000, 
set flow id 589: 491->492 50000, 
set flow id 589: 941->942 50000, 
set flow id 589: 86->87 50000, 
set flow id 589: 234->235 50000, 
set flow id 589: 58->59 50000, 
set flow id 591: 101->102 50000, 
set flow id 594: 165->166 50000, 
set flow id 594: 306->307 50000, 
set flow id 595: 361->362 50000, 
set flow id 595: 716->717 50000, 
set flow id 598: 849->850 50000, 
set flow id 599: 19->20 50000, 
set flow id 599: 593->594 50000, 
set flow id 601: 687->688 50000, 
set flow id 601: 87->88 50000, 
set flow id 602: 519->520 50000, 
set flow id 602: 459->460 50000, 
set flow id 603: 59->60 50000, 
set flow id 603: 805->806 50000, 
set flow id 606: 218->219 50000, 
set flow id 608: 717->718 50000, 
set flow id 610: 307->308 50000, 
set flow id 610: 88->89 50000, 
set flow id 611: 155->156 50000, 
set flow id 612: 332->333 50000, 
set flow id 612: 60->61 50000, 
set flow id 614: 688->689 50000, 
set flow id 614: 806->807 50000, 
set flow id 615: 166->167 50000, 
set flow id 616: 486->487 50000, 
set flow id 617: 718->719 50000, 
set flow id 617: 89->90 50000, 
set flow id 620: 460->461 50000, 
set flow id 620: 62->63 50000, 
set flow id 620: 308->309 50000, 
set flow id 621: 487->488 50000, 
set flow id 621: 742->743 50000, 
set flow id 621: 685->686 50000, 
set flow id 621: 719->720 50000, 
set flow id 621: 333->334 50000, 
set flow id 623: 236->237 50000, 
set flow id 623: 90->91 50000, 
set flow id 623: 9->10 50000, 
set flow id 623: 63->64 50000, 
set flow id 623: 942->943 50000, 
set flow id 623: 846->847 50000, 
set flow id 623: 720->721 50000, 
set flow id 623: 807->808 50000, 
set flow id 623: 167->168 50000, 
set flow id 624: 427->428 50000, 
set flow id 624: 686->687 50000, 
set flow id 624: 91->92 50000, 
set flow id 624: 334->335 50000, 
set flow id 625: 363->364 50000, 
set flow id 625: 775->776 50000, 
set flow id 625: 235->236 50000, 
set flow id 626: 943->944 50000, 
set flow id 626: 847->848 50000, 
set flow id 626: 873->874 50000, 
set flow id 626: 689->690 50000, 
set flow id 626: 10->11 50000, 
set flow id 626: 721->722 50000, 
set flow id 626: 92->93 50000, 
set flow id 626: 168->169 50000, 
set flow id 629: 808->809 50000, 
set flow id 629: 261->262 50000, 
set flow id 636: 489->490 50000, 
set flow id 636: 848->849 50000, 
set flow id 637: 944->945 50000, 
set flow id 639: 93->94 50000, 
set flow id 639: 595->596 50000, 
set flow id 639: 309->310 50000, 
set flow id 639: 461->462 50000, 
set flow id 643: 722->723 50000, 
set flow id 645: 169->170 50000, 
set flow id 647: 430->431 50000, 
set flow id 647: 13->14 50000, 
set flow id 647: 335->336 50000, 
set flow id 648: 596->597 50000, 
set flow id 648: 95->96 50000, 
set flow id 648: 945->946 50000, 
set flow id 648: 690->691 50000, 
set flow id 648: 462->463 50000, 
set flow id 650: 723->724 50000, 
set flow id 650: 198->199 50000, 
set flow id 650: 170->171 50000, 
set flow id 650: 11->12 50000, 
set flow id 651: 310->311 50000, 
set flow id 652: 633->634 50000, 
set flow id 652: 597->598 50000, 
set flow id 652: 336->337 50000, 
set flow id 652: 520->521 50000, 
set flow id 652: 691->692 50000, 
set flow id 653: 463->464 50000, 
set flow id 653: 203->204 50000, 
set flow id 653: 415->416 50000, 
set flow id 655: 311->312 50000, 
set flow id 655: 12->13 50000, 
set flow id 657: 946->947 50000, 
set flow id 659: 171->172 50000, 
set flow id 659: 700->701 50000, 
set flow id 659: 199->200 50000, 
set flow id 660: 903->904 50000, 
set flow id 660: 464->465 50000, 
set flow id 660: 981->982 50000, 
set flow id 662: 312->313 50000, 
set flow id 662: 598->599 50000, 
set flow id 663: 262->263 50000, 
set flow id 663: 490->491 50000, 
set flow id 664: 172->173 50000, 
set flow id 666: 743->744 50000, 
set flow id 667: 947->948 50000, 
set flow id 667: 599->600 50000, 
set flow id 667: 14->15 50000, 
set flow id 668: 200->201 50000, 
set flow id 668: 149->150 50000, 
set flow id 668: 725->726 50000, 
set flow id 669: 413->414 50000, 
set flow id 671: 364->365 50000, 
set flow id 671: 173->174 50000, 
set flow id 673: 600->601 50000, 
set flow id 673: 521->522 50000, 
set flow id 675: 338->339 50000, 
set flow id 678: 150->151 50000, 
set flow id 678: 465->466 50000, 
set flow id 680: 414->415 50000, 
set flow id 680: 239->240 50000, 
set flow id 680: 693->694 50000, 
set flow id 680: 601->602 50000, 
set flow id 681: 850->851 50000, 
set flow id 684: 914->915 50000, 
set flow id 684: 201->202 50000, 
set flow id 686: 651->652 50000, 
set flow id 687: 151->152 50000, 
set flow id 688: 602->603 50000, 
set flow id 690: 17->18 50000, 
set flow id 690: 174->175 50000, 
set flow id 690: 237->238 50000, 
set flow id 691: 365->366 50000, 
set flow id 692: 904->905 50000, 
set flow id 692: 694->695 50000, 
set flow id 692: 202->203 50000, 
set flow id 692: 948->949 50000, 
set flow id 693: 152->153 50000, 
set flow id 695: 603->604 50000, 
set flow id 695: 654->655 50000, 
set flow id 695: 15->16 50000, 
set flow id 695: 812->813 50000, 
set flow id 695: 175->176 50000, 
set flow id 695: 695->696 50000, 
set flow id 696: 204->205 50000, 
set flow id 697: 238->239 50000, 
set flow id 698: 950->951 50000, 
set flow id 699: 604->605 50000, 
set flow id 699: 554->555 50000, 
set flow id 699: 984->985 50000, 
set flow id 699: 153->154 50000, 
set flow id 700: 829->830 50000, 
set flow id 700: 176->177 50000, 
set flow id 702: 697->698 50000, 
set flow id 702: 107->108 50000, 
set flow id 703: 522->523 50000, 
set flow id 704: 744->745 50000, 
set flow id 704: 16->17 50000, 
set flow id 704: 606->607 50000, 
set flow id 707: 726->727 50000, 
set flow id 707: 696->697 50000, 
set flow id 707: 178->179 50000, 
set flow id 713: 207->208 50000, 
set flow id 713: 154->155 50000, 
set flow id 714: 366->367 50000, 
set flow id 714: 607->608 50000, 
set flow id 714: 809->810 50000, 
set flow id 715: 905->906 50000, 
set flow id 716: 18->19 50000, 
set flow id 717: 998->999 50000, 
set flow id 718: 745->746 50000, 
set flow id 718: 698->699 50000, 
set flow id 719: 240->241 50000, 
set flow id 719: 985->986 50000, 
set flow id 719: 367->368 50000, 
set flow id 720: 179->180 50000, 
set flow id 721: 472->473 50000, 
set flow id 721: 810->811 50000, 
set flow id 721: 553->554 50000, 
set flow id 723: 100->101 50000, 
set flow id 724: 699->700 50000, 
set flow id 728: 911->912 50000, 
set flow id 728: 205->206 50000, 
set flow id 728: 467->468 50000, 
set flow id 728: 811->812 50000, 
set flow id 728: 746->747 50000, 
set flow id 730: 652->653 50000, 
set flow id 731: 727->728 50000, 
set flow id 731: 951->952 50000, 
set flow id 732: 986->987 50000, 
set flow id 732: 492->493 50000, 
set flow id 732: 339->340 50000, 
set flow id 732: 468->469 50000, 
set flow id 732: 999->1000 50000, 
set flow id 734: 851->852 50000, 
set flow id 734: 428->429 50000, 
set flow id 734: 206->207 50000, 
set flow id 734: 813->814 50000, 
set flow id 734: 952->953 50000, 
set flow id 735: 906->907 50000, 
set flow id 736: 24->25 50000, 
set flow id 737: 180->181 50000, 
set flow id 737: 340->341 50000, 
set flow id 737: 702->703 50000, 
set flow id 737: 469->470 50000, 
set flow id 738: 429->430 50000, 
set flow id 738: 776->777 50000, 
set flow id 739: 523->524 50000, 
set flow id 740: 907->908 50000, 
set flow id 740: 953->954 50000, 
set flow id 742: 814->815 50000, 
set flow id 743: 157->158 50000, 
set flow id 744: 852->853 50000, 
set flow id 745: 555->556 50000, 
set flow id 745: 341->342 50000, 
set flow id 746: 1000->1001 50000, 
set flow id 746: 954->955 50000, 
set flow id 746: 470->471 50000, 
set flow id 748: 634->635 50000, 
set flow id 749: 181->182 50000, 
set flow id 751: 831->832 50000, 
set flow id 751: 20->21 50000, 
set flow id 755: 241->242 50000, 
set flow id 755: 908->909 50000, 
set flow id 755: 471->472 50000, 
set flow id 755: 955->956 50000, 
set flow id 755: 777->778 50000, 
set flow id 758: 342->343 50000, 
set flow id 760: 524->525 50000, 
set flow id 762: 158->159 50000, 
set flow id 762: 556->557 50000, 
set flow id 766: 104->105 50000, 
set flow id 768: 815->816 50000, 
set flow id 769: 854->855 50000, 
set flow id 769: 653->654 50000, 
set flow id 769: 21->22 50000, 
set flow id 769: 159->160 50000, 
set flow id 769: 314->315 50000, 
set flow id 769: 242->243 50000, 
set flow id 769: 525->526 50000, 
set flow id 771: 909->910 50000, 
set flow id 771: 183->184 50000, 
set flow id 772: 778->779 50000, 
set flow id 773: 102->103 50000, 
set flow id 774: 816->817 50000, 
set flow id 774: 343->344 50000, 
set flow id 774: 728->729 50000, 
set flow id 774: 557->558 50000, 
set flow id 775: 987->988 50000, 
set flow id 775: 493->494 50000, 
set flow id 775: 910->911 50000, 
set flow id 775: 22->23 50000, 
set flow id 777: 655->656 50000, 
set flow id 777: 344->345 50000, 
set flow id 778: 103->104 50000, 
set flow id 779: 701->702 50000, 
set flow id 781: 820->821 50000, 
set flow id 783: 779->780 50000, 
set flow id 783: 23->24 50000, 
set flow id 783: 635->636 50000, 
set flow id 783: 494->495 50000, 
set flow id 783: 558->559 50000, 
set flow id 785: 269->270 50000, 
set flow id 785: 526->527 50000, 
set flow id 785: 703->704 50000, 
set flow id 785: 874->875 50000, 
set flow id 787: 317->318 50000, 
set flow id 789: 383->384 50000, 
set flow id 789: 636->637 50000, 
set flow id 791: 561->562 50000, 
set flow id 793: 729->730 50000, 
set flow id 794: 243->244 50000, 
set flow id 795: 817->818 50000, 
set flow id 796: 656->657 50000, 
set flow id 796: 315->316 50000, 
set flow id 796: 747->748 50000, 
set flow id 797: 912->913 50000, 
set flow id 797: 31->32 50000, 
set flow id 797: 637->638 50000, 
set flow id 798: 958->959 50000, 
set flow id 799: 569->570 50000, 
set flow id 800: 105->106 50000, 
set flow id 800: 818->819 50000, 
set flow id 806: 316->317 50000, 
set flow id 806: 638->639 50000, 
set flow id 806: 263->264 50000, 
set flow id 807: 913->914 50000, 
set flow id 807: 875->876 50000, 
set flow id 809: 244->245 50000, 
set flow id 810: 559->560 50000, 
set flow id 811: 819->820 50000, 
set flow id 813: 106->107 50000, 
set flow id 813: 318->319 50000, 
set flow id 813: 639->640 50000, 
set flow id 815: 1001->1002 50000, 
set flow id 815: 264->265 50000, 
set flow id 817: 956->957 50000, 
set flow id 817: 368->369 50000, 
set flow id 819: 560->561 50000, 
set flow id 819: 876->877 50000, 
set flow id 819: 988->989 50000, 
set flow id 820: 319->320 50000, 
set flow id 821: 821->822 50000, 
set flow id 821: 496->497 50000, 
set flow id 821: 730->731 50000, 
set flow id 821: 25->26 50000, 
set flow id 821: 265->266 50000, 
set flow id 821: 369->370 50000, 
set flow id 821: 108->109 50000, 
set flow id 822: 431->432 50000, 
set flow id 823: 959->960 50000, 
set flow id 824: 473->474 50000, 
set flow id 825: 562->563 50000, 
set flow id 825: 780->781 50000, 
set flow id 827: 504->505 50000, 
set flow id 834: 828->829 50000, 
set flow id 834: 731->732 50000, 
set flow id 835: 527->528 50000, 
set flow id 835: 957->958 50000, 
set flow id 835: 855->856 50000, 
set flow id 836: 761->762 50000, 
set flow id 837: 497->498 50000, 
set flow id 837: 266->267 50000, 
set flow id 838: 915->916 50000, 
set flow id 842: 781->782 50000, 
set flow id 842: 474->475 50000, 
set flow id 844: 822->823 50000, 
set flow id 844: 563->564 50000, 
set flow id 844: 208->209 50000, 
set flow id 844: 748->749 50000, 
set flow id 844: 267->268 50000, 
set flow id 844: 856->857 50000, 
set flow id 845: 1002->1003 50000, 
set flow id 845: 475->476 50000, 
set flow id 845: 732->733 50000, 
set flow id 845: 184->185 50000, 
set flow id 846: 564->565 50000, 
set flow id 846: 657->658 50000, 
set flow id 846: 209->210 50000, 
set flow id 846: 749->750 50000, 
set flow id 846: 109->110 50000, 
set flow id 847: 916->917 50000, 
set flow id 847: 476->477 50000, 
set flow id 849: 783->784 50000, 
set flow id 851: 498->499 50000, 
set flow id 851: 1003->1004 50000, 
set flow id 851: 877->878 50000, 
set flow id 851: 658->659 50000, 
set flow id 854: 268->269 50000, 
set flow id 855: 210->211 50000, 
set flow id 857: 789->790 50000, 
set flow id 857: 478->479 50000, 
set flow id 857: 989->990 50000, 
set flow id 859: 529->530 50000, 
set flow id 859: 917->918 50000, 
set flow id 859: 733->734 50000, 
set flow id 860: 245->246 50000, 
set flow id 860: 823->824 50000, 
set flow id 860: 211->212 50000, 
set flow id 860: 659->660 50000, 
set flow id 863: 880->881 50000, 
set flow id 863: 479->480 50000, 
set flow id 863: 26->27 50000, 
set flow id 866: 116->117 50000, 
set flow id 866: 857->858 50000, 
set flow id 871: 782->783 50000, 
set flow id 871: 346->347 50000, 
set flow id 871: 270->271 50000, 
set flow id 872: 246->247 50000, 
set flow id 872: 212->213 50000, 
set flow id 873: 990->991 50000, 
set flow id 873: 734->735 50000, 
set flow id 873: 750->751 50000, 
set flow id 875: 878->879 50000, 
set flow id 875: 110->111 50000, 
set flow id 876: 858->859 50000, 
set flow id 876: 499->500 50000, 
set flow id 876: 918->919 50000, 
set flow id 878: 565->566 50000, 
set flow id 881: 991->992 50000, 
set flow id 881: 735->736 50000, 
set flow id 882: 213->214 50000, 
set flow id 882: 1004->1005 50000, 
set flow id 883: 254->255 50000, 
set flow id 886: 751->752 50000, 
set flow id 887: 500->501 50000, 
set flow id 887: 566->567 50000, 
set flow id 887: 111->112 50000, 
set flow id 888: 528->529 50000, 
set flow id 888: 432->433 50000, 
set flow id 888: 214->215 50000, 
set flow id 888: 883->884 50000, 
set flow id 890: 660->661 50000, 
set flow id 892: 247->248 50000, 
set flow id 892: 501->502 50000, 
set flow id 892: 112->113 50000, 
set flow id 894: 752->753 50000, 
set flow id 894: 530->531 50000, 
set flow id 895: 434->435 50000, 
set flow id 895: 215->216 50000, 
set flow id 895: 661->662 50000, 
set flow id 895: 271->272 50000, 
set flow id 895: 879->880 50000, 
set flow id 895: 347->348 50000, 
set flow id 896: 250->251 50000, 
set flow id 896: 113->114 50000, 
set flow id 896: 567->568 50000, 
set flow id 898: 433->434 50000, 
set flow id 898: 824->825 50000, 
set flow id 898: 27->28 50000, 
set flow id 898: 502->503 50000, 
set flow id 899: 216->217 50000, 
set flow id 900: 784->785 50000, 
set flow id 901: 1014->1015 50000, 
set flow id 901: 881->882 50000, 
set flow id 902: 532->533 50000, 
set flow id 902: 348->349 50000, 
set flow id 902: 859->860 50000, 
set flow id 902: 825->826 50000, 
set flow id 903: 568->569 50000, 
set flow id 903: 753->754 50000, 
set flow id 904: 114->115 50000, 
set flow id 910: 662->663 50000, 
set flow id 913: 351->352 50000, 
set flow id 913: 503->504 50000, 
set flow id 913: 826->827 50000, 
set flow id 913: 919->920 50000, 
set flow id 913: 570->571 50000, 
set flow id 913: 217->218 50000, 
set flow id 913: 435->436 50000, 
set flow id 915: 119->120 50000, 
set flow id 915: 251->252 50000, 
set flow id 916: 882->883 50000, 
set flow id 916: 28->29 50000, 
set flow id 917: 349->350 50000, 
set flow id 917: 827->828 50000, 
set flow id 917: 663->664 50000, 
set flow id 918: 531->532 50000, 
set flow id 922: 248->249 50000, 
set flow id 923: 571->572 50000, 
set flow id 923: 29->30 50000, 
set flow id 923: 115->116 50000, 
set flow id 923: 370->371 50000, 
set flow id 923: 350->351 50000, 
set flow id 923: 830->831 50000, 
set flow id 924: 436->437 50000, 
set flow id 924: 664->665 50000, 
set flow id 926: 1005->1006 50000, 
set flow id 928: 790->791 50000, 
set flow id 928: 754->755 50000, 
set flow id 929: 249->250 50000, 
set flow id 929: 30->31 50000, 
set flow id 929: 533->534 50000, 
set flow id 929: 572->573 50000, 
set flow id 929: 371->372 50000, 
set flow id 930: 117->118 50000, 
set flow id 930: 185->186 50000, 
set flow id 930: 665->666 50000, 
set flow id 930: 219->220 50000, 
set flow id 932: 252->253 50000, 
set flow id 932: 505->506 50000, 
set flow id 932: 785->786 50000, 
set flow id 933: 920->921 50000, 
set flow id 933: 755->756 50000, 
set flow id 935: 374->375 50000, 
set flow id 935: 666->667 50000, 
set flow id 935: 860->861 50000, 
set flow id 936: 253->254 50000, 
set flow id 937: 118->119 50000, 
set flow id 937: 437->438 50000, 
set flow id 938: 272->273 50000, 
set flow id 938: 534->535 50000, 
set flow id 939: 756->757 50000, 
set flow id 939: 1006->1007 50000, 
set flow id 940: 667->668 50000, 
set flow id 940: 861->862 50000, 
set flow id 941: 372->373 50000, 
set flow id 942: 220->221 50000, 
set flow id 942: 255->256 50000, 
set flow id 946: 791->792 50000, 
set flow id 947: 884->885 50000, 
set flow id 947: 573->574 50000, 
set flow id 947: 862->863 50000, 
set flow id 948: 668->669 50000, 
set flow id 948: 373->374 50000, 
set flow id 948: 221->222 50000, 
set flow id 949: 273->274 50000, 
set flow id 949: 921->922 50000, 
set flow id 949: 120->121 50000, 
set flow id 950: 786->787 50000, 
set flow id 951: 757->758 50000, 
set flow id 952: 574->575 50000, 
set flow id 954: 863->864 50000, 
set flow id 954: 670->671 50000, 
set flow id 954: 891->892 50000, 
set flow id 954: 222->223 50000, 
set flow id 954: 922->923 50000, 
set flow id 955: 1007->1008 50000, 
set flow id 958: 440->441 50000, 
set flow id 958: 508->509 50000, 
set flow id 958: 787->788 50000, 
set flow id 958: 758->759 50000, 
set flow id 958: 121->122 50000, 
set flow id 958: 671->672 50000, 
set flow id 960: 223->224 50000, 
set flow id 960: 274->275 50000, 
set flow id 960: 885->886 50000, 
set flow id 960: 535->536 50000, 
set flow id 960: 438->439 50000, 
set flow id 960: 506->507 50000, 
set flow id 960: 788->789 50000, 
set flow id 961: 186->187 50000, 
set flow id 961: 759->760 50000, 
set flow id 961: 122->123 50000, 
set flow id 961: 1008->1009 50000, 
set flow id 961: 375->376 50000, 
set flow id 962: 275->276 50000, 
set flow id 964: 536->537 50000, 
set flow id 967: 894->895 50000, 
set flow id 967: 760->761 50000, 
set flow id 967: 187->188 50000, 
set flow id 967: 507->508 50000, 
set flow id 970: 123->124 50000, 
set flow id 970: 439->440 50000, 
set flow id 970: 379->380 50000, 
set flow id 970: 1009->1010 50000, 
set flow id 972: 537->538 50000, 
set flow id 972: 923->924 50000, 
set flow id 972: 792->793 50000, 
set flow id 972: 886->887 50000, 
set flow id 972: 188->189 50000, 
set flow id 972: 277->278 50000, 
set flow id 973: 762->763 50000, 
set flow id 974: 509->510 50000, 
set flow id 976: 1016->1017 50000, 
set flow id 978: 924->925 50000, 
set flow id 979: 378->379 50000, 
set flow id 980: 189->190 50000, 
set flow id 980: 887->888 50000, 
set flow id 981: 793->794 50000, 
set flow id 984: 276->277 50000, 
set flow id 984: 124->125 50000, 
set flow id 986: 538->539 50000, 
set flow id 986: 441->442 50000, 
set flow id 986: 1010->1011 50000, 
set flow id 986: 925->926 50000, 
set flow id 988: 190->191 50000, 
set flow id 989: 888->889 50000, 
set flow id 989: 380->381 50000, 
set flow id 989: 125->126 50000, 
set flow id 989: 510->511 50000, 
set flow id 989: 539->540 50000, 
set flow id 991: 795->796 50000, 
set flow id 993: 926->927 50000, 
set flow id 993: 1011->1012 50000, 
set flow id 994: 191->192 50000, 
set flow id 998: 126->127 50000, 
set flow id 998: 442->443 50000, 
set flow id 1001: 511->512 50000, 
set flow id 1001: 889->890 50000, 
set flow id 1002: 376->377 50000, 
set flow id 1002: 763->764 50000, 
set flow id 1002: 927->928 50000, 
set flow id 1003: 540->541 50000, 
set flow id 1003: 794->795 50000, 
set flow id 1004: 1012->1013 50000, 
set flow id 1004: 127->128 50000, 
set flow id 1004: 443->444 50000, 
set flow id 1004: 278->279 50000, 
set flow id 1004: 890->891 50000, 
set flow id 1004: 764->765 50000, 
set flow id 1006: 381->382 50000, 
set flow id 1008: 1017->1018 50000, 
set flow id 1010: 444->445 50000, 
set flow id 1011: 279->280 50000, 
set flow id 1011: 541->542 50000, 
set flow id 1011: 796->797 50000, 
set flow id 1011: 892->893 50000, 
set flow id 1011: 765->766 50000, 
set flow id 1011: 377->378 50000, 
set flow id 1012: 1019->1020 50000, 
set flow id 1012: 445->446 50000, 
set flow id 1013: 283->284 50000, 
set flow id 1013: 542->543 50000, 
set flow id 1014: 799->800 50000, 
set flow id 1014: 895->896 50000, 
set flow id 1014: 766->767 50000, 
set flow id 1015: 382->383 50000, 
set flow id 1015: 1013->1014 50000, 
set flow id 1015: 446->447 50000, 
set flow id 1015: 280->281 50000, 
set flow id 1015: 543->544 50000, 
set flow id 1015: 797->798 50000, 
set flow id 1016: 893->894 50000, 
set flow id 1016: 767->768 50000, 
set flow id 1016: 1015->1016 50000, 
set flow id 1016: 447->448 50000, 
set flow id 1017: 284->285 50000, 
set flow id 1017: 798->799 50000, 
set flow id 1017: 1018->1019 50000, 
set flow id 1017: 281->282 50000, 
set flow id 1018: 1020->1021 50000, 
set flow id 1019: 285->286 50000, 
set flow id 1020: 1021->1022 50000, 
set flow id 1020: 282->283 50000, 
set flow id 1021: 1022->1023 50000, 
set flow id 1022: 286->287 50000, 
set flow id 1023: 1023->0 50000, 
set flow id 1024: 287->288 50000, 
